     1                                          BOOT_LOAD       equ     0x7C00          ;ブートプログラムのロード位置
     2                                  
     3                                          ORG     BOOT_LOAD
     4                                  
     5                                  %include    "../include/macro.s"
     1                              <1> %macro  cdecl 1-*.nolist
     2                              <1> 
     3                              <1>     %rep %0 - 1
     4                              <1>         push    %{-1:-1}
     5                              <1>         %rotate -1
     6                              <1>     %endrep
     7                              <1>     %rotate -1
     8                              <1> 
     9                              <1>         call    %1
    10                              <1> 
    11                              <1>     %if 1 < %0
    12                              <1>         add     sp, (__BITS__ >> 3) * (%0 - 1)
    13                              <1>     %endif
    14                              <1> 
    15                              <1> %endmacro
     6                                  
     7                                  entry:                                          ;エントリポイント
     8 00000000 EB58                            jmp     ipl                             ;IPLへジャンプ
     9                                  
    10 00000002 90<rept>                        times   90 - ($ - $$) db 0x90           ;BPB(BIOS Parameter Block)
    11                                          
    12                                  ipl:                                            ;IPL(Initial Program Loader)
    13 0000005A FA                              cli                                     ;割り込み禁止
    14                                  
    15 0000005B B80000                          mov     ax, 0x0000
    16 0000005E 8ED8                            mov     ds, ax
    17 00000060 8EC0                            mov     es, ax
    18 00000062 8ED0                            mov     ss, ax
    19 00000064 BC007C                          mov     sp, BOOT_LOAD
    20                                  
    21 00000067 FB                              sti                                     ;割り込み許可
    22 00000068 8816[B800]                      mov     [BOOT.DRIVE], dl                ;ブートドライブを保存
    23                                  
    24 0000006C 68[9800]E8480083C4-             cdecl   puts, .s0                       ;文字列の表示
    24 00000074 02                 
    25                                  
    26 00000075 B402                            mov     ah, 0x02                        ;AHに読み込み命令を代入
    27 00000077 B001                            mov     al, 1                           ;ALに読み込みセクタ数を代入
    28 00000079 B90200                          mov     cx, 0x0002                      ;CXにシリンダ/セクタを代入
    29 0000007C B600                            mov     dh, 0x00                        ;DHにヘッド位置を代入
    30 0000007E 8A16[B800]                      mov     dl, [BOOT.DRIVE]                ;DLにドライブ番号を代入
    31 00000082 BB007E                          mov     bx, 0x7c00 + 512                ;BXにオフセットを代入
    32 00000085 CD13                            int     0x13
    33 00000087 730C                    .10Q:   jnc     .10E                            ;セクタ読み込みに失敗した場合はエラーメッセージを表示
    34 00000089 68[A500]E82B0083C4-     .10T:   cdecl   puts, .e0
    34 00000091 02                 
    35 00000092 E84400                          call    reboot
    36                                  .10E:
    37                                  
    38 00000095 E96801                          jmp     stage_2                         ;ブート処理を第二段階に移行
    39                                  
    40 00000098 626F6F74696E672E2E-     .s0     db "booting...", 0x0A, 0x0D, 0          ;データ定義
    40 000000A1 2E0A0D00           
    41 000000A5 4572726F723A207365-     .e0     db "Error: sector read", 0
    41 000000AE 63746F722072656164-
    41 000000B7 00                 
    42                                  
    43                                  ALIGN 2, db 0
    44                                  BOOT:
    45 000000B8 0000                    .DRIVE:         dw 0
    46                                  
    47                                  %include    "../modules/real/puts.s"
     1                              <1> puts:
     2 000000BA 55                  <1>         push    bp                              ;スタックフレームの構築
     3 000000BB 89E5                <1>         mov     bp, sp
     4                              <1> 
     5 000000BD 50                  <1>         push    ax                              ;レジスタの保存
     6 000000BE 53                  <1>         push    bx
     7 000000BF 56                  <1>         push    si
     8                              <1> 
     9 000000C0 8B7604              <1>         mov     si, [bp + 4]                    ;SIに文字列のアドレスを代入
    10                              <1> 
    11 000000C3 B40E                <1>         mov     ah, 0x0E                        ;テレタイプ式で1文字出力
    12 000000C5 BB0000              <1>         mov     bx, 0x0000                      ;ページ番号と文字色を0に設定
    13 000000C8 FC                  <1>         cld                                     ;DFに0を代入しアドレスを加算
    14                              <1> 
    15                              <1> .10L:
    16 000000C9 AC                  <1>         lodsb
    17                              <1> 
    18 000000CA 3C00                <1>         cmp     al, 0                           ;ALが0である場合break、そうでない場合は文字を出力して.10Lの先頭に戻る
    19 000000CC 7404                <1>         je      .10E
    20                              <1> 
    21 000000CE CD10                <1>         int     0x10
    22 000000D0 EBF7                <1>         jmp     .10L
    23                              <1> .10E:
    24                              <1> 
    25 000000D2 5E                  <1>         pop     si                              ;レジスタの復帰
    26 000000D3 5B                  <1>         pop     bx
    27 000000D4 58                  <1>         pop     ax
    28                              <1> 
    29 000000D5 89EC                <1>         mov     sp, bp                          ;スタックフレームの破棄
    30 000000D7 5D                  <1>         pop     bp
    31                              <1> 
    32 000000D8 C3                  <1>         ret
    48                                  %include    "../modules/real/reboot.s"
     1                              <1> reboot:
     2 000000D9 68[F500]E8DBFF83C4- <1>         cdecl   puts, .s0                       ;再起動メッセージを表示
     2 000000E1 02                  <1>
     3                              <1> 
     4                              <1> .10L:
     5 000000E2 B410                <1>         mov     ah, 0x10                        ;キー入力待ち
     6 000000E4 CD16                <1>         int     0x16                            ;キー入力のBIOSコール
     7                              <1> 
     8 000000E6 3C20                <1>         cmp     al, ' '                         ;ALが「 」であったときにbreakする
     9 000000E8 75F8                <1>         jne     .10L
    10                              <1> 
    11 000000EA 68[1301]E8CAFF83C4- <1>         cdecl   puts, .s1                       ;改行
    11 000000F2 02                  <1>
    12                              <1> 
    13 000000F3 CD19                <1>         int     0x19                            ;再起動のBIOSコール
    14                              <1> 
    15 000000F5 0A0D50757368205350- <1> .s0     db  0x0A, 0x0D, "Push SPACE key to reboot...", 0
    15 000000FE 414345206B65792074- <1>
    15 00000107 6F207265626F6F742E- <1>
    15 00000110 2E2E00              <1>
    16 00000113 0A0D0A0D00          <1> .s1     db  0x0A, 0x0D, 0x0A, 0x0D, 0
    49                                  
    50 00000118 00<rept>                        times   510 - ($ - $$) db 0x00          ;ブートフラグ(先頭512バイトの終了)
    51 000001FE 55AA                            db 0x55, 0xAA
    52                                  
    53                                  stage_2:                                        ;ブート処理の第二段階
    54 00000200 68[0B02]E8B4FE83C4-             cdecl   puts, .s0
    54 00000208 02                 
    55                                  
    56 00000209 EBFE                            jmp     $                               ;処理の終了
    57                                  
    58 0000020B 326E64207374616765-     .s0     db "2nd stage...", 0x0A, 0x0D, 0
    58 00000214 2E2E2E0A0D00       
    59                                  
    60 0000021A 00<rept>                        times   (1024 * 8) - ($ - $$)   db 0    ;パディング(8KB)
